// Jest Snapshot v1, https://goo.gl/fbAQLP

exports[`Module should generate a complete module with all features 1`] = `
"import os
import logging


"""Main application module"""

logger = logging.getLogger(__name__)
APP_NAME = "MyApp"
VERSION = "1.0.0"

def configure_app(debug: bool = False):
    logger.info("Configuring app with debug=%s", debug)
    return {"debug": debug, "version": VERSION}
    

class Application:
    """Main application class"""
        
        def __init__(self, config: dict):
            self.config = config
        logger.info("Application initialized")
            
        def run(self):
            logger.info("Running application %s", APP_NAME)
        print("Application running...")
        "
`;

exports[`Module should generate a module with classes 1`] = `
"class User:
    """User model"""
    

class Product:
    """Product model"""
    "
`;

exports[`Module should generate a module with functions 1`] = `
"def square(x: float) -> float:
    return x * x
    

def cube(x: float) -> float:
    return x * x * x
    "
`;

exports[`Module should generate a module with global code 1`] = `
"from os import os

DEBUG = True
VERSION = "1.0.0"
BASE_DIR = os.path.dirname(os.path.abspath(__file__))
"
`;

exports[`Module should generate a module with imports 1`] = `
"import os
from datetime import datetime, timezone


"
`;

exports[`Module should generate an empty module with docstring 1`] = `
""""Configuration module for the application"""

"
`;
